 
#-----------------------------------------------------------------------
#
#   ,o, ,o,       /                                 
#    `   `  e88~88e  d88~\   /~~~8e Y88b    e    / 
#   888 888 88   88 C888         88b Y88b  d8b  /   
#   888 888 "8b_d8"  Y88b   e88~-888  Y888/Y88b/  
#   888 888  /        888D C88   888   Y8/  Y8/     
#   88P 888 Cb      \_88P   "8b_-888    Y    Y    
# \_8"       Y8""8D                             
#
#-----------------------------------------------------------------------
# JIGSAW: an unstructured mesh generation library.  
#-----------------------------------------------------------------------
 
  JIGSAW VERSION 1.1.0

  CFG. data summary...

  GEOM-FILE = geom.msh
  MESH-FILE = /Users/zxy/ocean/WW3Tool/WW3-Grid-Generator/unstructured_generator/unst_msh_gen/mesh_workspace/uglo_poly_nBlkS.msh
  HFUN-FILE = spac.msh
  INIT-FILE = 
  TRIA-FILE = 
  BNDS-FILE = 

  NUMTHREAD = 1

  Done. (2.210e-04sec)

#-----------------------------------------------------------------------

  Reading GEOM file...

  Done. (5.150e-04sec)

#-----------------------------------------------------------------------

  Forming GEOM data...

  Done. (4.100e-05sec)

#-----------------------------------------------------------------------

  Reading HFUN file...

  Done. (4.975e+00sec)

#-----------------------------------------------------------------------

  Forming HFUN data...

  Done. (2.130e-04sec)

#-----------------------------------------------------------------------

  Generate rDT MESH...

#-----------------------------------------------------------------------
#     |ITER.|       |DEL-1|       |DEL-2|       |DEL-3| 
#-----------------------------------------------------------------------
       10000             0         20016             0
       25000             0         50016             0
       50000             0        100016             0
       62129             0        124270             0

  Done. (5.041e-01sec)

#-----------------------------------------------------------------------

  Forming MESH data...

  Done. (4.541e-02sec)

#-----------------------------------------------------------------------

  MESH optimisation...

#-----------------------------------------------------------------------
#     |MOVE.|       |FLIP.|       |MERGE|       |SPLIT| 
#-----------------------------------------------------------------------
       59614             1           366            16
       60375             0            17             0
       56510             0             0             0
       39866             0             0             0
       12679             0             0             0
        1228             0             0             0
           0             0             0             0

  Done. (6.885e+00sec)

#-----------------------------------------------------------------------

  Writing MESH file...

  Done. (6.402e-02sec)

